#0 building with "desktop-linux" instance using docker driver

#1 [internal] load build definition from Dockerfile
#1 transferring dockerfile: 2.43kB done
#1 DONE 0.0s

#2 resolve image config for docker-image://docker.io/docker/dockerfile:1
#2 DONE 0.7s

#3 docker-image://docker.io/docker/dockerfile:1@sha256:4edf897a3ffa55b89f906fc8cc78afdb3f1834cc9c7083565e611a8a7d5fe99e
#3 resolve docker.io/docker/dockerfile:1@sha256:4edf897a3ffa55b89f906fc8cc78afdb3f1834cc9c7083565e611a8a7d5fe99e 0.0s done
#3 CACHED

#4 [internal] load metadata for docker.io/library/ubuntu:24.04@sha256:534baea6a22c03a63003dbc8dbe78fe34bc0d7e595d9a9dc9834884ff530eb55
#4 DONE 0.0s

#5 [internal] load .dockerignore
#5 transferring context: 151B done
#5 DONE 0.0s

#6 [internal] load build context
#6 DONE 0.0s

#7 [base 1/3] FROM docker.io/library/ubuntu:24.04@sha256:534baea6a22c03a63003dbc8dbe78fe34bc0d7e595d9a9dc9834884ff530eb55
#7 resolve docker.io/library/ubuntu:24.04@sha256:534baea6a22c03a63003dbc8dbe78fe34bc0d7e595d9a9dc9834884ff530eb55
#7 resolve docker.io/library/ubuntu:24.04@sha256:534baea6a22c03a63003dbc8dbe78fe34bc0d7e595d9a9dc9834884ff530eb55 done
#7 DONE 0.0s

#6 [internal] load build context
#6 transferring context: 47.28kB done
#6 DONE 0.0s

#8 [base 2/3] RUN apt-get update && apt-get install -y --no-install-recommends       build-essential cmake ninja-build ca-certificates curl       libeigen3-dev       libopencv-core-dev libopencv-imgproc-dev libopencv-imgcodecs-dev       libopencv-videoio-dev libopencv-video-dev     && rm -rf /var/lib/apt/lists/*
#8 CACHED

#9 [base 3/3] RUN case "arm64" in       arm64) ORT_ARCH=aarch64; ORT_SHA256=e16a27a8ed330bbc698df7330b0cf56e722f354e3bcc92118682c74ef3c3e3da ;;       amd64) ORT_ARCH=x64;     ORT_SHA256=a5ed5a3cac51fbb2e90da632ae43d19212faaa20e76484e62bcb7c23ddb3b3fd ;;       *) echo "unsupported arch: arm64" >&2; exit 1 ;;     esac     && curl -fsSL -o /tmp/ort.tgz       "https://github.com/microsoft/onnxruntime/releases/download/v1.30.0/onnxruntime-linux-${ORT_ARCH}-1.30.0.tgz"     && echo "${ORT_SHA256}  /tmp/ort.tgz" | sha256sum -c -     && mkdir -p /opt/onnxruntime     && tar -xzf /tmp/ort.tgz -C /opt/onnxruntime --strip-components=1     && rm /tmp/ort.tgz
#9 CACHED

#10 [build 1/3] WORKDIR /src
#10 CACHED

#11 [build 2/3] COPY cpp/ cpp/
#11 CACHED

#12 [build 3/3] RUN cmake -S cpp -B build -G Ninja -DCMAKE_BUILD_TYPE=Release     && cmake --build build
#12 CACHED

#13 exporting to image
#13 exporting layers done
#13 exporting manifest sha256:eef623c4d2dd10f2c190a6932acb70955b0cc1f1e99059d17f289e1907338d58 done
#13 exporting config sha256:4fe089a6fa618c96d3050ecabdffc68962454718b2b7387c3a8e5f11d1af4149 done
#13 exporting attestation manifest sha256:8ee6798761f23db4a480c52320310dfd7fa3c193d82eb47cd986a925367570a3 done
#13 exporting manifest list sha256:a882064e29e27d24741100e25f543407d909f909c8d6403ae7276a4aa5c2e03e done
#13 naming to docker.io/library/vision-lab:dev done
#13 unpacking to docker.io/library/vision-lab:dev done
#13 DONE 0.0s

View build details: docker-desktop://dashboard/build/desktop-linux/desktop-linux/iu9vn9wdx5ual3icqf0ip88uf
#0 building with "desktop-linux" instance using docker driver

#1 [internal] load build definition from Dockerfile
#1 transferring dockerfile: 2.43kB done
#1 DONE 0.0s

#2 resolve image config for docker-image://docker.io/docker/dockerfile:1
#2 DONE 0.3s

#3 docker-image://docker.io/docker/dockerfile:1@sha256:4edf897a3ffa55b89f906fc8cc78afdb3f1834cc9c7083565e611a8a7d5fe99e
#3 resolve docker.io/docker/dockerfile:1@sha256:4edf897a3ffa55b89f906fc8cc78afdb3f1834cc9c7083565e611a8a7d5fe99e 0.0s done
#3 CACHED

#4 [internal] load metadata for docker.io/library/ubuntu:24.04@sha256:534baea6a22c03a63003dbc8dbe78fe34bc0d7e595d9a9dc9834884ff530eb55
#4 DONE 0.0s

#5 [internal] load .dockerignore
#5 transferring context: 151B done
#5 DONE 0.0s

#6 [pytools 1/5] FROM docker.io/library/ubuntu:24.04@sha256:534baea6a22c03a63003dbc8dbe78fe34bc0d7e595d9a9dc9834884ff530eb55
#6 resolve docker.io/library/ubuntu:24.04@sha256:534baea6a22c03a63003dbc8dbe78fe34bc0d7e595d9a9dc9834884ff530eb55 done
#6 DONE 0.0s

#7 [internal] load build context
#7 transferring context: 627B done
#7 DONE 0.0s

#8 [pytools 2/5] RUN apt-get update && apt-get install -y --no-install-recommends       python3 python3-venv ca-certificates build-essential python3-dev     && rm -rf /var/lib/apt/lists/*
#8 CACHED

#9 [pytools 4/5] RUN python3 -m venv /opt/venv     && /opt/venv/bin/pip install --no-cache-dir -r /tmp/requirements.txt
#9 CACHED

#10 [pytools 3/5] COPY python/requirements.txt /tmp/requirements.txt
#10 CACHED

#11 [pytools 5/5] WORKDIR /work
#11 CACHED

#12 exporting to image
#12 exporting layers done
#12 exporting manifest sha256:f51072719002198a4e95e12d4728ba091ffe5226ad3431ed88936dc53739a197 done
#12 exporting config sha256:975314083807209d01e4fa5bdaf9f238359ee1e6f4b4d84a1dcc2be7da2fcdc4 done
#12 exporting attestation manifest sha256:37ed223aaaa04a539126cc9817bf3ad544e21130c998b368c1cbfd30963c86ce
#12 exporting attestation manifest sha256:37ed223aaaa04a539126cc9817bf3ad544e21130c998b368c1cbfd30963c86ce done
#12 exporting manifest list sha256:f57c5365e29f84d1087a29be39b6dffbda7aec231935dfd02a9d34e4467722e8 done
#12 naming to docker.io/library/vision-lab:pytools done
#12 unpacking to docker.io/library/vision-lab:pytools done
#12 DONE 0.0s

View build details: docker-desktop://dashboard/build/desktop-linux/desktop-linux/bxq2dsi1n3rk1nz1h7uqvml6c
#0 building with "desktop-linux" instance using docker driver

#1 [internal] load build definition from Dockerfile.review-fixes
#1 transferring dockerfile: 266B done
#1 DONE 0.0s

#2 [internal] load metadata for docker.io/library/vision-lab:dev
#2 DONE 0.0s

#3 [internal] load .dockerignore
#3 transferring context: 151B done
#3 DONE 0.0s

#4 [internal] load build context
#4 transferring context: 47.28kB done
#4 DONE 0.0s

#5 [1/4] FROM docker.io/library/vision-lab:dev@sha256:a882064e29e27d24741100e25f543407d909f909c8d6403ae7276a4aa5c2e03e
#5 resolve docker.io/library/vision-lab:dev@sha256:a882064e29e27d24741100e25f543407d909f909c8d6403ae7276a4aa5c2e03e done
#5 DONE 0.0s

#6 [2/4] WORKDIR /src
#6 DONE 0.0s

#7 [3/4] COPY cpp/ cpp/
#7 DONE 0.0s

#8 [4/4] RUN cmake -S cpp -B build -G Ninja -DCMAKE_BUILD_TYPE=Release     && cmake --build build
#8 0.051 -- Configuring done (0.0s)
#8 0.058 -- Generating done (0.0s)
#8 0.060 -- Build files have been written to: /src/build
#8 0.220 [1/17] Building CXX object CMakeFiles/vl_tracker.dir/src/tracker/lapjv.cpp.o
#8 0.987 [2/17] Building CXX object CMakeFiles/transcode_demo.dir/src/transcode_demo.cpp.o
#8 1.246 [3/17] Linking CXX executable transcode_demo
#8 1.337 [4/17] Building CXX object CMakeFiles/env_check.dir/src/env_check.cpp.o
#8 1.433 [5/17] Building CXX object CMakeFiles/detect_frames.dir/src/detect_frames.cpp.o
#8 1.511 [6/17] Linking CXX executable env_check
#8 1.591 [7/17] Building CXX object CMakeFiles/vl_detector.dir/src/detector.cpp.o
#8 1.599 [8/17] Linking CXX static library libvl_detector.a
#8 1.679 [9/17] Building CXX object CMakeFiles/detect_sequence.dir/src/detect_sequence.cpp.o
#8 1.761 [10/17] Linking CXX executable detect_frames
#8 1.843 [11/17] Linking CXX executable detect_sequence
#8 2.104 [12/17] Building CXX object CMakeFiles/benchmark_pipeline.dir/src/benchmark_pipeline.cpp.o
#8 2.198 [13/17] Building CXX object CMakeFiles/track_sequence.dir/src/track_sequence.cpp.o
#8 4.002 [14/17] Building CXX object CMakeFiles/vl_tracker.dir/src/tracker/tracker.cpp.o
#8 4.009 [15/17] Linking CXX static library libvl_tracker.a
#8 4.167 [16/17] Linking CXX executable benchmark_pipeline
#8 4.171 [17/17] Linking CXX executable track_sequence
#8 DONE 4.2s

#9 exporting to image
#9 exporting layers 0.1s done
#9 exporting manifest sha256:732d5dec46d09093ef94308ab9ccebbbdf1fae23db4a93da82f1f963c3fd0cc2 done
#9 exporting config sha256:804b43aee075eb4e98dd99cc61a40cb82db317b2df934dc436fbb24d35e4e282 done
#9 exporting attestation manifest sha256:c9f8e424855f22a0b33b7276d87c4ce6481f062fd59f3376d186e8f1343dc299 done
#9 exporting manifest list sha256:0970e8f7f24cd30a8cfe5740fa5b7d1a4f769fcbaa75a1603d5bec8968d3fefd done
#9 naming to docker.io/library/vision-lab:review-fixes done
#9 unpacking to docker.io/library/vision-lab:review-fixes 0.0s done
#9 DONE 0.1s

View build details: docker-desktop://dashboard/build/desktop-linux/desktop-linux/5sfrnsy2bpxy2cjikrgk4xe11
#0 building with "desktop-linux" instance using docker driver

#1 [internal] load build definition from Dockerfile.phase4
#1 transferring dockerfile: 256B done
#1 DONE 0.0s

#2 [internal] load metadata for docker.io/library/vision-lab:review-fixes
#2 DONE 0.0s

#3 [internal] load .dockerignore
#3 transferring context: 151B done
#3 DONE 0.0s

#4 [internal] load build context
#4 transferring context: 752B done
#4 DONE 0.0s

#5 [1/4] FROM docker.io/library/vision-lab:review-fixes@sha256:0970e8f7f24cd30a8cfe5740fa5b7d1a4f769fcbaa75a1603d5bec8968d3fefd
#5 resolve docker.io/library/vision-lab:review-fixes@sha256:0970e8f7f24cd30a8cfe5740fa5b7d1a4f769fcbaa75a1603d5bec8968d3fefd done
#5 DONE 0.0s

#6 [2/4] WORKDIR /src
#6 DONE 0.1s

#7 [3/4] COPY cpp/ cpp/
#7 DONE 0.0s

#8 [4/4] RUN cmake -S cpp -B build -G Ninja -DCMAKE_BUILD_TYPE=Release     && cmake --build build
#8 0.038 -- Configuring done (0.0s)
#8 0.044 -- Generating done (0.0s)
#8 0.046 -- Build files have been written to: /src/build
#8 0.055 ninja: no work to do.
#8 DONE 0.1s

#9 exporting to image
#9 exporting layers 0.1s done
#9 exporting manifest sha256:c4112059081a9740244d9085137e586948ecdeb1abd29fc693dfd0db679aec5c 0.0s done
#9 exporting config sha256:fd8be134a1322cc3984ac2eb65eb0809bea43c4549c7b9ff80c8839f2708b111 0.0s done
#9 exporting attestation manifest sha256:4987735af7d9e07f5095455a79f13e3225dab7b82ac89f0a00bb62324baf874b 0.0s done
#9 exporting manifest list sha256:c1e256e0bcef59b604361ea3eceadca147f2405e76302c7d07a7758dccb7a6a9 0.0s done
#9 naming to docker.io/library/vision-lab:phase4 done
#9 unpacking to docker.io/library/vision-lab:phase4 0.0s done
#9 DONE 0.2s

View build details: docker-desktop://dashboard/build/desktop-linux/desktop-linux/9si0gng81s6862t9wxiu6khzi
#0 building with "desktop-linux" instance using docker driver

#1 [internal] load build definition from Dockerfile.phase4-pytools
#1 transferring dockerfile: 322B done
#1 DONE 0.0s

#2 [internal] load metadata for docker.io/library/vision-lab:pytools
#2 DONE 0.0s

#3 [internal] load .dockerignore
#3 transferring context: 151B done
#3 DONE 0.0s

#4 [internal] load build context
#4 transferring context: 422B done
#4 DONE 0.0s

#5 [1/3] FROM docker.io/library/vision-lab:pytools@sha256:f57c5365e29f84d1087a29be39b6dffbda7aec231935dfd02a9d34e4467722e8
#5 resolve docker.io/library/vision-lab:pytools@sha256:f57c5365e29f84d1087a29be39b6dffbda7aec231935dfd02a9d34e4467722e8 done
#5 DONE 0.0s

#6 [2/3] COPY python/requirements-phase4.txt /tmp/requirements-phase4.txt
#6 DONE 0.0s

#7 [3/3] RUN pip install --no-cache-dir --no-deps --only-binary=:all: --require-hashes     -r /tmp/requirements-phase4.txt
#7 0.347 Collecting ml_dtypes==0.6.0 (from -r /tmp/requirements-phase4.txt (line 3))
#7 0.419   Downloading ml_dtypes-0.6.0-cp312-cp312-manylinux_2_27_aarch64.manylinux_2_28_aarch64.whl (360 kB)
#7 0.469      ━━━━━━━━━━━━━━━━━━━━━━━━━━━━━━━━━━━━━━━ 360.2/360.2 kB 7.3 MB/s eta 0:00:00
#7 0.472 Installing collected packages: ml_dtypes
#7 0.509 Successfully installed ml_dtypes-0.6.0
#7 DONE 0.6s

#8 exporting to image
#8 exporting layers 0.1s done
#8 exporting manifest sha256:dc6e02a520ebcdb5489e45dba90f2f5ca2e89cbfc75510314a1757cf2b603352 0.0s done
#8 exporting config sha256:2ff04371ea497a73a3ba9a42481f0e7045b29e82e692cc64aa584465982ff89c 0.0s done
#8 exporting attestation manifest sha256:3528d4ddb6d6f1c63d1e450c9712b571253e4f7c3bd25157760eb3ce0d36cb05 0.0s done
#8 exporting manifest list sha256:8ec27202792523a66790afc10a742f073adbab64db8c1a19c7f4dc358bc85c85 0.0s done
#8 naming to docker.io/library/vision-lab:phase4-pytools done
#8 unpacking to docker.io/library/vision-lab:phase4-pytools 0.0s done
#8 DONE 0.2s

View build details: docker-desktop://dashboard/build/desktop-linux/desktop-linux/ephpre58x3a0oxdhz2lys2hca
{"preflight": "pass", "models": 2, "sequences": 11}
{"uid": 502, "gid": 20, "effective_capabilities_hex": "0000000000000000", "no_new_privileges": 1, "network_interfaces": ["bonding_masters", "erspan0", "gre0", "gretap0", "ip6_vti0", "ip6gre0", "ip6tnl0", "ip_vti0", "lo", "sit0", "tunl0"], "interface_flags": {"gre0": 128, "ip6tnl0": 128, "ip_vti0": 128, "tunl0": 128, "sit0": 128, "ip6_vti0": 128, "ip6gre0": 128, "lo": 9, "gretap0": 4098, "erspan0": 4098}, "active_non_loopback_interfaces": [], "ipv4_routes": [], "external_connection_probe": {"denied": true, "errno": 101, "message": "[Errno 101] Network is unreachable"}, "root_write_probe": {"denied": true, "errno": 30, "message": "[Errno 30] Read-only file system: '/etc/vision-lab-safety-probe'"}, "project_write_probe": {"denied": true, "errno": 30, "message": "[Errno 30] Read-only file system: '/work/vision-lab-safety-probe'"}, "tmpfs_execution_probe": {"execution_denied": true, "errno": 13}, "tmpfs_mount": "tmpfs /tmp tmpfs rw,nosuid,nodev,noexec,relatime,size=1048576k 0 0", "docker_socket_present": false, "memory_max_bytes": 6442450944, "pids_max": 512, "cpu_max": "400000 100000", "writable_submounts": ["/work/results", "/work/data/phase-4"], "scope": "Probe run through drun with results + data/phase-4 writable, 4 CPUs; build networking is separate."}
wrote 50 frames: /work/data/phase-3/determinism/nano-1.txt
wrote 50 frames: /work/data/phase-3/determinism/nano-4.txt
wrote 50 frames: /work/data/phase-3/determinism/tiny-1.txt
wrote 50 frames: /work/data/phase-3/determinism/tiny-4.txt
{"sequence": "MOT17-02-FRCNN", "frames": [1, 50], "bit_identical": {"nano": true, "tiny": true}, "accuracy_threads": 4}
Synthetic-edge-cases: 0.01s -> /work/data/phase-3/edge-cases/python.txt
wrote tracks: /work/data/phase-3/edge-cases/cpp.txt
{"left_lines": 87, "right_lines": 87, "byte_identical": false, "identical_line_share": 0.0, "same_frame_and_id": true, "max_box_difference": 0.0, "max_score_difference": 2.384185793236071e-08, "pass": true, "covers": ["high/low confidence", "empty-frame skip", "lost recovery", "expiry", "unconfirmed removal", "float32 threshold equality at 0.1, 0.6 and 0.7"]}

CLEAR Config:
THRESHOLD            : 0.5                           
PRINT_CONFIG         : True                          

Identity Config:
THRESHOLD            : 0.5                           
PRINT_CONFIG         : True                          

Evaluating 1 tracker(s) on 7 sequence(s) for 1 class(es) on MotChallenge2DBox dataset using the following metrics: HOTA, CLEAR, Identity, Count


Evaluating ground-truth-self


CLEAR Config:
THRESHOLD            : 0.5                           
PRINT_CONFIG         : True                          

Identity Config:
THRESHOLD            : 0.5                           
PRINT_CONFIG         : True                          

Evaluating 1 tracker(s) on 4 sequence(s) for 1 class(es) on MotChallenge2DBox dataset using the following metrics: HOTA, CLEAR, Identity, Count


Evaluating ground-truth-self

wrote /work/results/phase-3/evaluation-self.json
MOT17-02-FRCNN frame 500/600
wrote 600 frames: /work/data/phase-3/dets/nano/MOT17-02-FRCNN.txt
MOT17-04-FRCNN frame 500/1050
MOT17-04-FRCNN frame 1000/1050
wrote 1050 frames: /work/data/phase-3/dets/nano/MOT17-04-FRCNN.txt
MOT17-05-FRCNN frame 500/837
wrote 837 frames: /work/data/phase-3/dets/nano/MOT17-05-FRCNN.txt
MOT17-09-FRCNN frame 500/525
wrote 525 frames: /work/data/phase-3/dets/nano/MOT17-09-FRCNN.txt
MOT17-10-FRCNN frame 500/654
wrote 654 frames: /work/data/phase-3/dets/nano/MOT17-10-FRCNN.txt
MOT17-11-FRCNN frame 500/900
wrote 900 frames: /work/data/phase-3/dets/nano/MOT17-11-FRCNN.txt
MOT17-13-FRCNN frame 500/750
wrote 750 frames: /work/data/phase-3/dets/nano/MOT17-13-FRCNN.txt
wrote 429 frames: /work/data/phase-3/dets/nano/MOT20-01.txt
MOT20-02 frame 500/2782
MOT20-02 frame 1000/2782
MOT20-02 frame 1500/2782
MOT20-02 frame 2000/2782
MOT20-02 frame 2500/2782
wrote 2782 frames: /work/data/phase-3/dets/nano/MOT20-02.txt
MOT20-03 frame 500/2405
MOT20-03 frame 1000/2405
MOT20-03 frame 1500/2405
MOT20-03 frame 2000/2405
wrote 2405 frames: /work/data/phase-3/dets/nano/MOT20-03.txt
MOT20-05 frame 500/3315
MOT20-05 frame 1000/3315
MOT20-05 frame 1500/3315
MOT20-05 frame 2000/3315
MOT20-05 frame 2500/3315
MOT20-05 frame 3000/3315
wrote 3315 frames: /work/data/phase-3/dets/nano/MOT20-05.txt
MOT17-02-FRCNN frame 500/600
wrote 600 frames: /work/data/phase-3/dets/tiny/MOT17-02-FRCNN.txt
MOT17-04-FRCNN frame 500/1050
MOT17-04-FRCNN frame 1000/1050
wrote 1050 frames: /work/data/phase-3/dets/tiny/MOT17-04-FRCNN.txt
MOT17-05-FRCNN frame 500/837
wrote 837 frames: /work/data/phase-3/dets/tiny/MOT17-05-FRCNN.txt
MOT17-09-FRCNN frame 500/525
wrote 525 frames: /work/data/phase-3/dets/tiny/MOT17-09-FRCNN.txt
MOT17-10-FRCNN frame 500/654
wrote 654 frames: /work/data/phase-3/dets/tiny/MOT17-10-FRCNN.txt
MOT17-11-FRCNN frame 500/900
wrote 900 frames: /work/data/phase-3/dets/tiny/MOT17-11-FRCNN.txt
MOT17-13-FRCNN frame 500/750
wrote 750 frames: /work/data/phase-3/dets/tiny/MOT17-13-FRCNN.txt
wrote 429 frames: /work/data/phase-3/dets/tiny/MOT20-01.txt
MOT20-02 frame 500/2782
MOT20-02 frame 1000/2782
MOT20-02 frame 1500/2782
MOT20-02 frame 2000/2782
MOT20-02 frame 2500/2782
wrote 2782 frames: /work/data/phase-3/dets/tiny/MOT20-02.txt
MOT20-03 frame 500/2405
MOT20-03 frame 1000/2405
MOT20-03 frame 1500/2405
MOT20-03 frame 2000/2405
wrote 2405 frames: /work/data/phase-3/dets/tiny/MOT20-03.txt
MOT20-05 frame 500/3315
MOT20-05 frame 1000/3315
MOT20-05 frame 1500/3315
MOT20-05 frame 2000/3315
MOT20-05 frame 2500/3315
MOT20-05 frame 3000/3315
wrote 3315 frames: /work/data/phase-3/dets/tiny/MOT20-05.txt
MOT17-02-FRCNN: 0.65s -> /work/data/phase-3/tracks/python/nano/MOT17-02-FRCNN.txt
MOT17-02-FRCNN frame 500/600
wrote tracks: /work/data/phase-3/tracks/cpp/nano/MOT17-02-FRCNN.txt
MOT17-04-FRCNN: 2.06s -> /work/data/phase-3/tracks/python/nano/MOT17-04-FRCNN.txt
MOT17-04-FRCNN frame 500/1050
MOT17-04-FRCNN frame 1000/1050
wrote tracks: /work/data/phase-3/tracks/cpp/nano/MOT17-04-FRCNN.txt
MOT17-05-FRCNN: 0.33s -> /work/data/phase-3/tracks/python/nano/MOT17-05-FRCNN.txt
MOT17-05-FRCNN frame 500/837
wrote tracks: /work/data/phase-3/tracks/cpp/nano/MOT17-05-FRCNN.txt
MOT17-09-FRCNN: 0.25s -> /work/data/phase-3/tracks/python/nano/MOT17-09-FRCNN.txt
MOT17-09-FRCNN frame 500/525
wrote tracks: /work/data/phase-3/tracks/cpp/nano/MOT17-09-FRCNN.txt
MOT17-10-FRCNN: 0.46s -> /work/data/phase-3/tracks/python/nano/MOT17-10-FRCNN.txt
MOT17-10-FRCNN frame 500/654
wrote tracks: /work/data/phase-3/tracks/cpp/nano/MOT17-10-FRCNN.txt
MOT17-11-FRCNN: 0.40s -> /work/data/phase-3/tracks/python/nano/MOT17-11-FRCNN.txt
MOT17-11-FRCNN frame 500/900
wrote tracks: /work/data/phase-3/tracks/cpp/nano/MOT17-11-FRCNN.txt
MOT17-13-FRCNN: 0.43s -> /work/data/phase-3/tracks/python/nano/MOT17-13-FRCNN.txt
MOT17-13-FRCNN frame 500/750
wrote tracks: /work/data/phase-3/tracks/cpp/nano/MOT17-13-FRCNN.txt
MOT20-01: 0.70s -> /work/data/phase-3/tracks/python/nano/MOT20-01.txt
wrote tracks: /work/data/phase-3/tracks/cpp/nano/MOT20-01.txt
MOT20-02: 5.24s -> /work/data/phase-3/tracks/python/nano/MOT20-02.txt
MOT20-02 frame 500/2782
MOT20-02 frame 1000/2782
MOT20-02 frame 1500/2782
MOT20-02 frame 2000/2782
MOT20-02 frame 2500/2782
wrote tracks: /work/data/phase-3/tracks/cpp/nano/MOT20-02.txt
MOT20-03: 11.82s -> /work/data/phase-3/tracks/python/nano/MOT20-03.txt
MOT20-03 frame 500/2405
MOT20-03 frame 1000/2405
MOT20-03 frame 1500/2405
MOT20-03 frame 2000/2405
wrote tracks: /work/data/phase-3/tracks/cpp/nano/MOT20-03.txt
MOT20-05: 23.73s -> /work/data/phase-3/tracks/python/nano/MOT20-05.txt
MOT20-05 frame 500/3315
MOT20-05 frame 1000/3315
MOT20-05 frame 1500/3315
MOT20-05 frame 2000/3315
MOT20-05 frame 2500/3315
MOT20-05 frame 3000/3315
wrote tracks: /work/data/phase-3/tracks/cpp/nano/MOT20-05.txt
MOT17-02-FRCNN: 0.69s -> /work/data/phase-3/tracks/python/tiny/MOT17-02-FRCNN.txt
MOT17-02-FRCNN frame 500/600
wrote tracks: /work/data/phase-3/tracks/cpp/tiny/MOT17-02-FRCNN.txt
MOT17-04-FRCNN: 1.97s -> /work/data/phase-3/tracks/python/tiny/MOT17-04-FRCNN.txt
MOT17-04-FRCNN frame 500/1050
MOT17-04-FRCNN frame 1000/1050
wrote tracks: /work/data/phase-3/tracks/cpp/tiny/MOT17-04-FRCNN.txt
MOT17-05-FRCNN: 0.31s -> /work/data/phase-3/tracks/python/tiny/MOT17-05-FRCNN.txt
MOT17-05-FRCNN frame 500/837
wrote tracks: /work/data/phase-3/tracks/cpp/tiny/MOT17-05-FRCNN.txt
MOT17-09-FRCNN: 0.23s -> /work/data/phase-3/tracks/python/tiny/MOT17-09-FRCNN.txt
MOT17-09-FRCNN frame 500/525
wrote tracks: /work/data/phase-3/tracks/cpp/tiny/MOT17-09-FRCNN.txt
MOT17-10-FRCNN: 0.49s -> /work/data/phase-3/tracks/python/tiny/MOT17-10-FRCNN.txt
MOT17-10-FRCNN frame 500/654
wrote tracks: /work/data/phase-3/tracks/cpp/tiny/MOT17-10-FRCNN.txt
MOT17-11-FRCNN: 0.42s -> /work/data/phase-3/tracks/python/tiny/MOT17-11-FRCNN.txt
MOT17-11-FRCNN frame 500/900
wrote tracks: /work/data/phase-3/tracks/cpp/tiny/MOT17-11-FRCNN.txt
MOT17-13-FRCNN: 0.47s -> /work/data/phase-3/tracks/python/tiny/MOT17-13-FRCNN.txt
MOT17-13-FRCNN frame 500/750
wrote tracks: /work/data/phase-3/tracks/cpp/tiny/MOT17-13-FRCNN.txt
MOT20-01: 0.74s -> /work/data/phase-3/tracks/python/tiny/MOT20-01.txt
wrote tracks: /work/data/phase-3/tracks/cpp/tiny/MOT20-01.txt
MOT20-02: 5.79s -> /work/data/phase-3/tracks/python/tiny/MOT20-02.txt
MOT20-02 frame 500/2782
MOT20-02 frame 1000/2782
MOT20-02 frame 1500/2782
MOT20-02 frame 2000/2782
MOT20-02 frame 2500/2782
wrote tracks: /work/data/phase-3/tracks/cpp/tiny/MOT20-02.txt
MOT20-03: 12.05s -> /work/data/phase-3/tracks/python/tiny/MOT20-03.txt
MOT20-03 frame 500/2405
MOT20-03 frame 1000/2405
MOT20-03 frame 1500/2405
MOT20-03 frame 2000/2405
wrote tracks: /work/data/phase-3/tracks/cpp/tiny/MOT20-03.txt
MOT20-05: 25.12s -> /work/data/phase-3/tracks/python/tiny/MOT20-05.txt
MOT20-05 frame 500/3315
MOT20-05 frame 1000/3315
MOT20-05 frame 1500/3315
MOT20-05 frame 2000/3315
MOT20-05 frame 2500/3315
MOT20-05 frame 3000/3315
wrote tracks: /work/data/phase-3/tracks/cpp/tiny/MOT20-05.txt
MOT17-02-FRCNN frame 500/600
wrote tracks: /work/data/phase-3/tracks/end-to-end/nano/MOT17-02-FRCNN.txt
MOT17-04-FRCNN frame 500/1050
MOT17-04-FRCNN frame 1000/1050
wrote tracks: /work/data/phase-3/tracks/end-to-end/nano/MOT17-04-FRCNN.txt
MOT17-05-FRCNN frame 500/837
wrote tracks: /work/data/phase-3/tracks/end-to-end/nano/MOT17-05-FRCNN.txt
MOT17-09-FRCNN frame 500/525
wrote tracks: /work/data/phase-3/tracks/end-to-end/nano/MOT17-09-FRCNN.txt
MOT17-10-FRCNN frame 500/654
wrote tracks: /work/data/phase-3/tracks/end-to-end/nano/MOT17-10-FRCNN.txt
MOT17-11-FRCNN frame 500/900
wrote tracks: /work/data/phase-3/tracks/end-to-end/nano/MOT17-11-FRCNN.txt
MOT17-13-FRCNN frame 500/750
wrote tracks: /work/data/phase-3/tracks/end-to-end/nano/MOT17-13-FRCNN.txt
wrote tracks: /work/data/phase-3/tracks/end-to-end/nano/MOT20-01.txt
MOT20-02 frame 500/2782
MOT20-02 frame 1000/2782
MOT20-02 frame 1500/2782
MOT20-02 frame 2000/2782
MOT20-02 frame 2500/2782
wrote tracks: /work/data/phase-3/tracks/end-to-end/nano/MOT20-02.txt
MOT20-03 frame 500/2405
MOT20-03 frame 1000/2405
MOT20-03 frame 1500/2405
MOT20-03 frame 2000/2405
wrote tracks: /work/data/phase-3/tracks/end-to-end/nano/MOT20-03.txt
MOT20-05 frame 500/3315
MOT20-05 frame 1000/3315
MOT20-05 frame 1500/3315
MOT20-05 frame 2000/3315
MOT20-05 frame 2500/3315
MOT20-05 frame 3000/3315
wrote tracks: /work/data/phase-3/tracks/end-to-end/nano/MOT20-05.txt
MOT17-02-FRCNN frame 500/600
wrote tracks: /work/data/phase-3/tracks/end-to-end/tiny/MOT17-02-FRCNN.txt
MOT17-04-FRCNN frame 500/1050
MOT17-04-FRCNN frame 1000/1050
wrote tracks: /work/data/phase-3/tracks/end-to-end/tiny/MOT17-04-FRCNN.txt
MOT17-05-FRCNN frame 500/837
wrote tracks: /work/data/phase-3/tracks/end-to-end/tiny/MOT17-05-FRCNN.txt
MOT17-09-FRCNN frame 500/525
wrote tracks: /work/data/phase-3/tracks/end-to-end/tiny/MOT17-09-FRCNN.txt
MOT17-10-FRCNN frame 500/654
wrote tracks: /work/data/phase-3/tracks/end-to-end/tiny/MOT17-10-FRCNN.txt
MOT17-11-FRCNN frame 500/900
wrote tracks: /work/data/phase-3/tracks/end-to-end/tiny/MOT17-11-FRCNN.txt
MOT17-13-FRCNN frame 500/750
wrote tracks: /work/data/phase-3/tracks/end-to-end/tiny/MOT17-13-FRCNN.txt
wrote tracks: /work/data/phase-3/tracks/end-to-end/tiny/MOT20-01.txt
MOT20-02 frame 500/2782
MOT20-02 frame 1000/2782
MOT20-02 frame 1500/2782
MOT20-02 frame 2000/2782
MOT20-02 frame 2500/2782
wrote tracks: /work/data/phase-3/tracks/end-to-end/tiny/MOT20-02.txt
MOT20-03 frame 500/2405
MOT20-03 frame 1000/2405
MOT20-03 frame 1500/2405
MOT20-03 frame 2000/2405
wrote tracks: /work/data/phase-3/tracks/end-to-end/tiny/MOT20-03.txt
MOT20-05 frame 500/3315
MOT20-05 frame 1000/3315
MOT20-05 frame 1500/3315
MOT20-05 frame 2000/3315
MOT20-05 frame 2500/3315
MOT20-05 frame 3000/3315
wrote tracks: /work/data/phase-3/tracks/end-to-end/tiny/MOT20-05.txt
{"nano": {"MOT17-02-FRCNN": {"high_comparison_difference": 0, "low_comparison_difference": 0, "new_track_comparison_difference": 0}, "MOT17-04-FRCNN": {"high_comparison_difference": 0, "low_comparison_difference": 0, "new_track_comparison_difference": 0}, "MOT17-05-FRCNN": {"high_comparison_difference": 0, "low_comparison_difference": 0, "new_track_comparison_difference": 0}, "MOT17-09-FRCNN": {"high_comparison_difference": 0, "low_comparison_difference": 0, "new_track_comparison_difference": 0}, "MOT17-10-FRCNN": {"high_comparison_difference": 0, "low_comparison_difference": 0, "new_track_comparison_difference": 0}, "MOT17-11-FRCNN": {"high_comparison_difference": 0, "low_comparison_difference": 0, "new_track_comparison_difference": 0}, "MOT17-13-FRCNN": {"high_comparison_difference": 0, "low_comparison_difference": 0, "new_track_comparison_difference": 0}, "MOT20-01": {"high_comparison_difference": 0, "low_comparison_difference": 0, "new_track_comparison_difference": 0}, "MOT20-02": {"high_comparison_difference": 0, "low_comparison_difference": 0, "new_track_comparison_difference": 0}, "MOT20-03": {"high_comparison_difference": 0, "low_comparison_difference": 0, "new_track_comparison_difference": 0}, "MOT20-05": {"high_comparison_difference": 0, "low_comparison_difference": 0, "new_track_comparison_difference": 0}}, "tiny": {"MOT17-02-FRCNN": {"high_comparison_difference": 0, "low_comparison_difference": 0, "new_track_comparison_difference": 0}, "MOT17-04-FRCNN": {"high_comparison_difference": 0, "low_comparison_difference": 0, "new_track_comparison_difference": 0}, "MOT17-05-FRCNN": {"high_comparison_difference": 0, "low_comparison_difference": 0, "new_track_comparison_difference": 0}, "MOT17-09-FRCNN": {"high_comparison_difference": 0, "low_comparison_difference": 0, "new_track_comparison_difference": 0}, "MOT17-10-FRCNN": {"high_comparison_difference": 0, "low_comparison_difference": 0, "new_track_comparison_difference": 0}, "MOT17-11-FRCNN": {"high_comparison_difference": 0, "low_comparison_difference": 0, "new_track_comparison_difference": 0}, "MOT17-13-FRCNN": {"high_comparison_difference": 0, "low_comparison_difference": 0, "new_track_comparison_difference": 0}, "MOT20-01": {"high_comparison_difference": 0, "low_comparison_difference": 0, "new_track_comparison_difference": 0}, "MOT20-02": {"high_comparison_difference": 0, "low_comparison_difference": 0, "new_track_comparison_difference": 0}, "MOT20-03": {"high_comparison_difference": 0, "low_comparison_difference": 0, "new_track_comparison_difference": 0}, "MOT20-05": {"high_comparison_difference": 0, "low_comparison_difference": 0, "new_track_comparison_difference": 0}}}

CLEAR Config:
THRESHOLD            : 0.5                           
PRINT_CONFIG         : True                          

Identity Config:
THRESHOLD            : 0.5                           
PRINT_CONFIG         : True                          

Evaluating 1 tracker(s) on 7 sequence(s) for 1 class(es) on MotChallenge2DBox dataset using the following metrics: HOTA, CLEAR, Identity, Count


Evaluating python-nano

MOT17 python nano: {'mota': 69.23248172257496, 'idf1': 66.8414141565438, 'num_switches': 530, 'num_false_positives': 4858, 'num_misses': 29163, 'num_objects': 112297}

CLEAR Config:
THRESHOLD            : 0.5                           
PRINT_CONFIG         : True                          

Identity Config:
THRESHOLD            : 0.5                           
PRINT_CONFIG         : True                          

Evaluating 1 tracker(s) on 7 sequence(s) for 1 class(es) on MotChallenge2DBox dataset using the following metrics: HOTA, CLEAR, Identity, Count


Evaluating python-tiny

MOT17 python tiny: {'mota': 77.13474091026474, 'idf1': 71.56506655677691, 'num_switches': 517, 'num_false_positives': 4630, 'num_misses': 20530, 'num_objects': 112297}

CLEAR Config:
THRESHOLD            : 0.5                           
PRINT_CONFIG         : True                          

Identity Config:
THRESHOLD            : 0.5                           
PRINT_CONFIG         : True                          

Evaluating 1 tracker(s) on 7 sequence(s) for 1 class(es) on MotChallenge2DBox dataset using the following metrics: HOTA, CLEAR, Identity, Count


Evaluating cpp-nano

MOT17 cpp nano: {'mota': 69.23248172257496, 'idf1': 66.8414141565438, 'num_switches': 530, 'num_false_positives': 4858, 'num_misses': 29163, 'num_objects': 112297}

CLEAR Config:
THRESHOLD            : 0.5                           
PRINT_CONFIG         : True                          

Identity Config:
THRESHOLD            : 0.5                           
PRINT_CONFIG         : True                          

Evaluating 1 tracker(s) on 7 sequence(s) for 1 class(es) on MotChallenge2DBox dataset using the following metrics: HOTA, CLEAR, Identity, Count


Evaluating cpp-tiny

MOT17 cpp tiny: {'mota': 77.13474091026474, 'idf1': 71.56506655677691, 'num_switches': 517, 'num_false_positives': 4630, 'num_misses': 20530, 'num_objects': 112297}
MOT17 end-to-end nano: {'mota': 69.23248172257496, 'idf1': 66.8414141565438, 'num_switches': 530, 'num_false_positives': 4858, 'num_misses': 29163, 'num_objects': 112297}
MOT17 end-to-end tiny: {'mota': 77.13474091026474, 'idf1': 71.56506655677691, 'num_switches': 517, 'num_false_positives': 4630, 'num_misses': 20530, 'num_objects': 112297}

CLEAR Config:
THRESHOLD            : 0.5                           
PRINT_CONFIG         : True                          

Identity Config:
THRESHOLD            : 0.5                           
PRINT_CONFIG         : True                          

Evaluating 1 tracker(s) on 4 sequence(s) for 1 class(es) on MotChallenge2DBox dataset using the following metrics: HOTA, CLEAR, Identity, Count


Evaluating python-nano

MOT20 python nano: {'mota': 56.02072599139443, 'idf1': 51.36987945844744, 'num_switches': 4640, 'num_false_positives': 133000, 'num_misses': 361355, 'num_objects': 1134614}

CLEAR Config:
THRESHOLD            : 0.5                           
PRINT_CONFIG         : True                          

Identity Config:
THRESHOLD            : 0.5                           
PRINT_CONFIG         : True                          

Evaluating 1 tracker(s) on 4 sequence(s) for 1 class(es) on MotChallenge2DBox dataset using the following metrics: HOTA, CLEAR, Identity, Count


Evaluating python-tiny

MOT20 python tiny: {'mota': 61.07522029518408, 'idf1': 59.490619839630966, 'num_switches': 3389, 'num_false_positives': 138521, 'num_misses': 299736, 'num_objects': 1134614}

CLEAR Config:
THRESHOLD            : 0.5                           
PRINT_CONFIG         : True                          

Identity Config:
THRESHOLD            : 0.5                           
PRINT_CONFIG         : True                          

Evaluating 1 tracker(s) on 4 sequence(s) for 1 class(es) on MotChallenge2DBox dataset using the following metrics: HOTA, CLEAR, Identity, Count


Evaluating cpp-nano

MOT20 cpp nano: {'mota': 56.02072599139443, 'idf1': 51.36987945844744, 'num_switches': 4640, 'num_false_positives': 133000, 'num_misses': 361355, 'num_objects': 1134614}

CLEAR Config:
THRESHOLD            : 0.5                           
PRINT_CONFIG         : True                          

Identity Config:
THRESHOLD            : 0.5                           
PRINT_CONFIG         : True                          

Evaluating 1 tracker(s) on 4 sequence(s) for 1 class(es) on MotChallenge2DBox dataset using the following metrics: HOTA, CLEAR, Identity, Count


Evaluating cpp-tiny

MOT20 cpp tiny: {'mota': 61.07522029518408, 'idf1': 59.490619839630966, 'num_switches': 3389, 'num_false_positives': 138521, 'num_misses': 299736, 'num_objects': 1134614}
MOT20 end-to-end nano: {'mota': 56.02072599139443, 'idf1': 51.36987945844744, 'num_switches': 4640, 'num_false_positives': 133000, 'num_misses': 361355, 'num_objects': 1134614}
MOT20 end-to-end tiny: {'mota': 61.07522029518408, 'idf1': 59.490619839630966, 'num_switches': 3389, 'num_false_positives': 138521, 'num_misses': 299736, 'num_objects': 1134614}
wrote /work/results/phase-3/evaluation-final.json
nano: preprocessing and 112-frame MOT17-only calibration
nano: static INT8 smoke pass, 1392158 bytes
tiny: preprocessing and 112-frame MOT17-only calibration
tiny: static INT8 smoke pass, 5429297 bytes
wrote 50 frames: /work/data/phase-4/determinism/nano-t1.txt
wrote 50 frames: /work/data/phase-4/determinism/nano-t4.txt
wrote 50 frames: /work/data/phase-4/determinism/tiny-t1.txt
wrote 50 frames: /work/data/phase-4/determinism/tiny-t4.txt
{"scope": "MOT17-02 frames 1\u201350; consistency check only, not full held-out per-thread accuracy.", "models": {"nano": {"byte_identical_1_4": true, "sha256": {"nano-t1.txt": "86b45c9c92893ebf6751ad4135e325b5f1a200f2eabd941a70a5e33e9cbb48c6", "nano-t4.txt": "86b45c9c92893ebf6751ad4135e325b5f1a200f2eabd941a70a5e33e9cbb48c6"}}, "tiny": {"byte_identical_1_4": true, "sha256": {"tiny-t1.txt": "964dd1af2911e1aef21cdee3bb57aabe7df92da6befdef8714d93c1d313a24d9", "tiny-t4.txt": "964dd1af2911e1aef21cdee3bb57aabe7df92da6befdef8714d93c1d313a24d9"}}}, "accuracy_threads": 4}
nano fp32 threads=1 repeat=1 completed
nano int8 threads=1 repeat=1 completed
nano fp32 threads=1 repeat=2 completed
nano int8 threads=1 repeat=2 completed
nano fp32 threads=1 repeat=3 completed
nano int8 threads=1 repeat=3 completed
nano fp32 threads=2 repeat=1 completed
nano int8 threads=2 repeat=1 completed
nano fp32 threads=2 repeat=2 completed
nano int8 threads=2 repeat=2 completed
nano fp32 threads=2 repeat=3 completed
nano int8 threads=2 repeat=3 completed
nano fp32 threads=4 repeat=1 completed
nano int8 threads=4 repeat=1 completed
nano fp32 threads=4 repeat=2 completed
nano int8 threads=4 repeat=2 completed
nano fp32 threads=4 repeat=3 completed
nano int8 threads=4 repeat=3 completed
tiny fp32 threads=1 repeat=1 completed
tiny int8 threads=1 repeat=1 completed
tiny fp32 threads=1 repeat=2 completed
tiny int8 threads=1 repeat=2 completed
tiny fp32 threads=1 repeat=3 completed
tiny int8 threads=1 repeat=3 completed
tiny fp32 threads=2 repeat=1 completed
tiny int8 threads=2 repeat=1 completed
tiny fp32 threads=2 repeat=2 completed
tiny int8 threads=2 repeat=2 completed
tiny fp32 threads=2 repeat=3 completed
tiny int8 threads=2 repeat=3 completed
tiny fp32 threads=4 repeat=1 completed
tiny int8 threads=4 repeat=1 completed
tiny fp32 threads=4 repeat=2 completed
tiny int8 threads=4 repeat=2 completed
tiny fp32 threads=4 repeat=3 completed
tiny int8 threads=4 repeat=3 completed
wrote tracks: /work/data/phase-4/tracks/nano/MOT20-01.txt
MOT20-02 frame 500/2782
MOT20-02 frame 1000/2782
MOT20-02 frame 1500/2782
MOT20-02 frame 2000/2782
MOT20-02 frame 2500/2782
wrote tracks: /work/data/phase-4/tracks/nano/MOT20-02.txt
MOT20-03 frame 500/2405
MOT20-03 frame 1000/2405
MOT20-03 frame 1500/2405
MOT20-03 frame 2000/2405
wrote tracks: /work/data/phase-4/tracks/nano/MOT20-03.txt
MOT20-05 frame 500/3315
MOT20-05 frame 1000/3315
MOT20-05 frame 1500/3315
MOT20-05 frame 2000/3315
MOT20-05 frame 2500/3315
MOT20-05 frame 3000/3315
wrote tracks: /work/data/phase-4/tracks/nano/MOT20-05.txt
wrote tracks: /work/data/phase-4/tracks/tiny/MOT20-01.txt
MOT20-02 frame 500/2782
MOT20-02 frame 1000/2782
MOT20-02 frame 1500/2782
MOT20-02 frame 2000/2782
MOT20-02 frame 2500/2782
wrote tracks: /work/data/phase-4/tracks/tiny/MOT20-02.txt
MOT20-03 frame 500/2405
MOT20-03 frame 1000/2405
MOT20-03 frame 1500/2405
MOT20-03 frame 2000/2405
wrote tracks: /work/data/phase-4/tracks/tiny/MOT20-03.txt
MOT20-05 frame 500/3315
MOT20-05 frame 1000/3315
MOT20-05 frame 1500/3315
MOT20-05 frame 2000/3315
MOT20-05 frame 2500/3315
MOT20-05 frame 3000/3315
wrote tracks: /work/data/phase-4/tracks/tiny/MOT20-05.txt

CLEAR Config:
THRESHOLD            : 0.5                           
PRINT_CONFIG         : True                          

Identity Config:
THRESHOLD            : 0.5                           
PRINT_CONFIG         : True                          

Evaluating 1 tracker(s) on 4 sequence(s) for 1 class(es) on MotChallenge2DBox dataset using the following metrics: HOTA, CLEAR, Identity, Count


Evaluating int8-nano

{"model": "nano", "int8_overall": {"mota": -0.07949840209975356, "idf1": 1.323452423487639, "num_switches": 3269, "num_false_positives": 15059, "num_misses": 1117188, "num_objects": 1134614}, "delta_pp": {"motmetrics": {"mota": -56.10022439349418, "idf1": -50.046427034959805}, "TrackEval": {"MOTA": -62.382801551893415, "IDF1": -51.99049659182512, "HOTA": -40.29376971219738}}}

CLEAR Config:
THRESHOLD            : 0.5                           
PRINT_CONFIG         : True                          

Identity Config:
THRESHOLD            : 0.5                           
PRINT_CONFIG         : True                          

Evaluating 1 tracker(s) on 4 sequence(s) for 1 class(es) on MotChallenge2DBox dataset using the following metrics: HOTA, CLEAR, Identity, Count


Evaluating int8-tiny

{"model": "tiny", "int8_overall": {"mota": 60.01168679392287, "idf1": 57.929852951826966, "num_switches": 3894, "num_false_positives": 132777, "num_misses": 317042, "num_objects": 1134614}, "delta_pp": {"motmetrics": {"mota": -1.0635335012612117, "idf1": -1.5607668878040002}, "TrackEval": {"MOTA": -1.1855133111348977, "IDF1": -1.6414339643632658, "HOTA": -1.886170240677437}}}
{"status": "phase-4-measurements-complete", "settings": [{"model": "nano", "precision": "fp32", "threads": 1, "median_repeat_fps": 11.647198937948678, "peak_rss_mib_max": 153.328125, "realtime_25_fps_gate": false}, {"model": "nano", "precision": "fp32", "threads": 2, "median_repeat_fps": 19.30408497612649, "peak_rss_mib_max": 153.47265625, "realtime_25_fps_gate": false}, {"model": "nano", "precision": "fp32", "threads": 4, "median_repeat_fps": 28.13357958741823, "peak_rss_mib_max": 153.8515625, "realtime_25_fps_gate": true}, {"model": "nano", "precision": "int8", "threads": 1, "median_repeat_fps": 15.170210712330515, "peak_rss_mib_max": 200.55859375, "realtime_25_fps_gate": false}, {"model": "nano", "precision": "int8", "threads": 2, "median_repeat_fps": 21.186484424465508, "peak_rss_mib_max": 200.65234375, "realtime_25_fps_gate": false}, {"model": "nano", "precision": "int8", "threads": 4, "median_repeat_fps": 26.029026618864147, "peak_rss_mib_max": 200.5390625, "realtime_25_fps_gate": true}, {"model": "tiny", "precision": "fp32", "threads": 1, "median_repeat_fps": 3.188770327130425, "peak_rss_mib_max": 203.8828125, "realtime_25_fps_gate": false}, {"model": "tiny", "precision": "fp32", "threads": 2, "median_repeat_fps": 5.982854124498006, "peak_rss_mib_max": 205.015625, "realtime_25_fps_gate": false}, {"model": "tiny", "precision": "fp32", "threads": 4, "median_repeat_fps": 10.297546307173976, "peak_rss_mib_max": 205.12109375, "realtime_25_fps_gate": false}, {"model": "tiny", "precision": "int8", "threads": 1, "median_repeat_fps": 8.169443764410188, "peak_rss_mib_max": 220.6484375, "realtime_25_fps_gate": false}, {"model": "tiny", "precision": "int8", "threads": 2, "median_repeat_fps": 13.342195952816493, "peak_rss_mib_max": 222.9921875, "realtime_25_fps_gate": false}, {"model": "tiny", "precision": "int8", "threads": 4, "median_repeat_fps": 18.95199375248132, "peak_rss_mib_max": 220.38671875, "realtime_25_fps_gate": false}]}
{"sequence": "MOT20-01", "audit": {"CLR_TP": 13564, "CLR_FN": 6306, "CLR_FP": 691, "IDSW": 114}, "categories_found": ["identity-switch", "small-target-miss"]}
{"sequence": "MOT20-02", "audit": {"CLR_TP": 101594, "CLR_FN": 53148, "CLR_FP": 5252, "IDSW": 839}, "categories_found": ["identity-switch", "small-target-miss"]}
{"sequence": "MOT20-03", "audit": {"CLR_TP": 229710, "CLR_FN": 83948, "CLR_FP": 16472, "IDSW": 805}, "categories_found": ["identity-switch", "small-target-miss", "occlusion-fragmentation"]}
{"status": "three-failure-categories-documented", "cases": {"identity-switch": {"sequence": "MOT20-01", "gt_id": 28, "frame_range": [185, 194], "crop_frames": [189, 190, 194]}, "small-target-miss": {"sequence": "MOT20-01", "gt_id": 39, "frame_range": [86, 93], "crop_frames": [86, 89, 93]}, "occlusion-fragmentation": {"sequence": "MOT20-03", "gt_id": 169, "frame_range": [130, 185], "crop_frames": [130, 155, 180]}}}
{"status": "full-stages-executed", "exact_evaluation_equal": true, "int8_evaluation_equal": true, "benchmark_settings": [{"model": "nano", "precision": "fp32", "threads": 1, "median_fps": 11.647198937948678, "reference_interval": [11.5943729453211, 11.679215405108987], "inside_interval": true}, {"model": "nano", "precision": "fp32", "threads": 2, "median_fps": 19.30408497612649, "reference_interval": [18.63756091708918, 19.17084989149194], "inside_interval": false}, {"model": "nano", "precision": "fp32", "threads": 4, "median_fps": 28.13357958741823, "reference_interval": [26.424624714573092, 27.816148640392438], "inside_interval": false}, {"model": "nano", "precision": "int8", "threads": 1, "median_fps": 15.170210712330515, "reference_interval": [15.070331433635623, 15.349473563065372], "inside_interval": true}, {"model": "nano", "precision": "int8", "threads": 2, "median_fps": 21.186484424465508, "reference_interval": [19.90528781006777, 21.50458861481881], "inside_interval": true}, {"model": "nano", "precision": "int8", "threads": 4, "median_fps": 26.029026618864147, "reference_interval": [24.045198714136443, 25.99227256962357], "inside_interval": false}, {"model": "tiny", "precision": "fp32", "threads": 1, "median_fps": 3.188770327130425, "reference_interval": [3.0417003217804, 3.1963140429667787], "inside_interval": true}, {"model": "tiny", "precision": "fp32", "threads": 2, "median_fps": 5.982854124498006, "reference_interval": [5.399567169227033, 5.829217166771701], "inside_interval": false}, {"model": "tiny", "precision": "fp32", "threads": 4, "median_fps": 10.297546307173976, "reference_interval": [9.739540929568594, 9.895603035592405], "inside_interval": false}, {"model": "tiny", "precision": "int8", "threads": 1, "median_fps": 8.169443764410188, "reference_interval": [7.6530194423225515, 8.026770479712566], "inside_interval": false}, {"model": "tiny", "precision": "int8", "threads": 2, "median_fps": 13.342195952816493, "reference_interval": [11.657882876072188, 13.197112443080536], "inside_interval": false}, {"model": "tiny", "precision": "int8", "threads": 4, "median_fps": 18.95199375248132, "reference_interval": [18.094319811781858, 18.516717565422994], "inside_interval": false}], "numerical_reproduction_checks_passed": false, "fresh_clone_gate_passed": false, "note": "All full-driver stages executed. Independent Git clone provenance is required before accepting the fresh-clone gate."}
