#0 building with "desktop-linux" instance using docker driver

#1 [internal] load build definition from Dockerfile
#1 transferring dockerfile: 2.43kB done
#1 DONE 0.0s

#2 [auth] docker/dockerfile:pull token for registry-1.docker.io
#2 DONE 0.0s

#3 resolve image config for docker-image://docker.io/docker/dockerfile:1
#3 DONE 1.0s

#4 docker-image://docker.io/docker/dockerfile:1@sha256:4edf897a3ffa55b89f906fc8cc78afdb3f1834cc9c7083565e611a8a7d5fe99e
#4 resolve docker.io/docker/dockerfile:1@sha256:4edf897a3ffa55b89f906fc8cc78afdb3f1834cc9c7083565e611a8a7d5fe99e done
#4 CACHED

#5 [internal] load metadata for docker.io/library/ubuntu:24.04@sha256:534baea6a22c03a63003dbc8dbe78fe34bc0d7e595d9a9dc9834884ff530eb55
#5 DONE 0.0s

#6 [internal] load .dockerignore
#6 transferring context: 151B done
#6 DONE 0.0s

#7 [base 1/3] FROM docker.io/library/ubuntu:24.04@sha256:534baea6a22c03a63003dbc8dbe78fe34bc0d7e595d9a9dc9834884ff530eb55
#7 resolve docker.io/library/ubuntu:24.04@sha256:534baea6a22c03a63003dbc8dbe78fe34bc0d7e595d9a9dc9834884ff530eb55 done
#7 DONE 0.0s

#8 [internal] load build context
#8 transferring context: 752B done
#8 DONE 0.0s

#9 [base 3/3] RUN case "arm64" in       arm64) ORT_ARCH=aarch64; ORT_SHA256=e16a27a8ed330bbc698df7330b0cf56e722f354e3bcc92118682c74ef3c3e3da ;;       amd64) ORT_ARCH=x64;     ORT_SHA256=a5ed5a3cac51fbb2e90da632ae43d19212faaa20e76484e62bcb7c23ddb3b3fd ;;       *) echo "unsupported arch: arm64" >&2; exit 1 ;;     esac     && curl -fsSL -o /tmp/ort.tgz       "https://github.com/microsoft/onnxruntime/releases/download/v1.30.0/onnxruntime-linux-${ORT_ARCH}-1.30.0.tgz"     && echo "${ORT_SHA256}  /tmp/ort.tgz" | sha256sum -c -     && mkdir -p /opt/onnxruntime     && tar -xzf /tmp/ort.tgz -C /opt/onnxruntime --strip-components=1     && rm /tmp/ort.tgz
#9 CACHED

#10 [base 2/3] RUN apt-get update && apt-get install -y --no-install-recommends       build-essential cmake ninja-build ca-certificates curl       libeigen3-dev       libopencv-core-dev libopencv-imgproc-dev libopencv-imgcodecs-dev       libopencv-videoio-dev libopencv-video-dev     && rm -rf /var/lib/apt/lists/*
#10 CACHED

#11 [build 1/3] WORKDIR /src
#11 CACHED

#12 [build 2/3] COPY cpp/ cpp/
#12 DONE 0.0s

#13 [build 3/3] RUN cmake -S cpp -B build -G Ninja -DCMAKE_BUILD_TYPE=Release     && cmake --build build
#13 0.146 -- The CXX compiler identification is GNU 13.3.0
#13 0.156 -- Detecting CXX compiler ABI info
#13 0.200 -- Detecting CXX compiler ABI info - done
#13 0.205 -- Check for working CXX compiler: /usr/bin/c++ - skipped
#13 0.205 -- Detecting CXX compile features
#13 0.206 -- Detecting CXX compile features - done
#13 0.216 -- Configuring done (0.1s)
#13 0.226 -- Generating done (0.0s)
#13 0.227 -- Build files have been written to: /src/build
#13 0.358 [1/17] Building CXX object CMakeFiles/vl_tracker.dir/src/tracker/lapjv.cpp.o
#13 1.110 [2/17] Building CXX object CMakeFiles/transcode_demo.dir/src/transcode_demo.cpp.o
#13 1.500 [3/17] Building CXX object CMakeFiles/env_check.dir/src/env_check.cpp.o
#13 1.657 [4/17] Building CXX object CMakeFiles/detect_frames.dir/src/detect_frames.cpp.o
#13 1.675 [5/17] Linking CXX executable transcode_demo
#13 1.685 [6/17] Linking CXX executable env_check
#13 1.753 [7/17] Building CXX object CMakeFiles/vl_detector.dir/src/detector.cpp.o
#13 1.763 [8/17] Linking CXX static library libvl_detector.a
#13 1.875 [9/17] Building CXX object CMakeFiles/detect_sequence.dir/src/detect_sequence.cpp.o
#13 1.930 [10/17] Linking CXX executable detect_frames
#13 2.047 [11/17] Linking CXX executable detect_sequence
#13 2.298 [12/17] Building CXX object CMakeFiles/benchmark_pipeline.dir/src/benchmark_pipeline.cpp.o
#13 2.414 [13/17] Building CXX object CMakeFiles/track_sequence.dir/src/track_sequence.cpp.o
#13 4.206 [14/17] Building CXX object CMakeFiles/vl_tracker.dir/src/tracker/tracker.cpp.o
#13 4.214 [15/17] Linking CXX static library libvl_tracker.a
#13 4.372 [16/17] Linking CXX executable track_sequence
#13 4.373 [17/17] Linking CXX executable benchmark_pipeline
#13 DONE 4.4s

#14 exporting to image
#14 exporting layers 0.1s done
#14 exporting manifest sha256:eef623c4d2dd10f2c190a6932acb70955b0cc1f1e99059d17f289e1907338d58 done
#14 exporting config sha256:4fe089a6fa618c96d3050ecabdffc68962454718b2b7387c3a8e5f11d1af4149 done
#14 exporting attestation manifest sha256:06d5e640cca0e0baa55b60670e86e759ecf4d2721295c97e8593209d8a305f55 done
#14 exporting manifest list sha256:013f8fafd8aab6cd893d21271056448d47418e6705870244296b66a9eee87835 done
#14 naming to docker.io/library/vision-lab:phase6-root
#14 naming to docker.io/library/vision-lab:phase6-root done
#14 unpacking to docker.io/library/vision-lab:phase6-root 0.0s done
#14 DONE 0.1s

View build details: docker-desktop://dashboard/build/desktop-linux/desktop-linux/9ldmg82vxj3qtx07e08mjnbx6
