#0 building with "desktop-linux" instance using docker driver

#1 [internal] load build definition from Dockerfile
#1 transferring dockerfile: 2.43kB done
#1 DONE 0.0s

#2 resolve image config for docker-image://docker.io/docker/dockerfile:1
#2 ...

#3 [auth] docker/dockerfile:pull token for registry-1.docker.io
#3 DONE 0.0s

#2 resolve image config for docker-image://docker.io/docker/dockerfile:1
#2 DONE 1.3s

#4 docker-image://docker.io/docker/dockerfile:1@sha256:4edf897a3ffa55b89f906fc8cc78afdb3f1834cc9c7083565e611a8a7d5fe99e
#4 resolve docker.io/docker/dockerfile:1@sha256:4edf897a3ffa55b89f906fc8cc78afdb3f1834cc9c7083565e611a8a7d5fe99e done
#4 CACHED

#5 [internal] load metadata for docker.io/library/ubuntu:24.04@sha256:534baea6a22c03a63003dbc8dbe78fe34bc0d7e595d9a9dc9834884ff530eb55
#5 ...

#6 [auth] library/ubuntu:pull token for registry-1.docker.io
#6 DONE 0.0s

#5 [internal] load metadata for docker.io/library/ubuntu:24.04@sha256:534baea6a22c03a63003dbc8dbe78fe34bc0d7e595d9a9dc9834884ff530eb55
#5 DONE 1.0s

#7 [internal] load .dockerignore
#7 transferring context: 151B done
#7 DONE 0.0s

#8 [base 1/3] FROM docker.io/library/ubuntu:24.04@sha256:534baea6a22c03a63003dbc8dbe78fe34bc0d7e595d9a9dc9834884ff530eb55
#8 resolve docker.io/library/ubuntu:24.04@sha256:534baea6a22c03a63003dbc8dbe78fe34bc0d7e595d9a9dc9834884ff530eb55 done
#8 CACHED

#9 [internal] load build context
#9 transferring context: 47.28kB done
#9 DONE 0.0s

#10 [base 2/3] RUN apt-get update && apt-get install -y --no-install-recommends       build-essential cmake ninja-build ca-certificates curl       libeigen3-dev       libopencv-core-dev libopencv-imgproc-dev libopencv-imgcodecs-dev       libopencv-videoio-dev libopencv-video-dev     && rm -rf /var/lib/apt/lists/*
#10 0.060 Ign:1 http://ports.ubuntu.com/ubuntu-ports noble InRelease
#10 0.060 Ign:2 http://ports.ubuntu.com/ubuntu-ports noble-updates InRelease
#10 0.060 Ign:3 http://ports.ubuntu.com/ubuntu-ports noble-backports InRelease
#10 0.060 Ign:4 http://ports.ubuntu.com/ubuntu-ports noble-security InRelease
#10 1.065 Ign:1 http://ports.ubuntu.com/ubuntu-ports noble InRelease
#10 1.065 Ign:2 http://ports.ubuntu.com/ubuntu-ports noble-updates InRelease
#10 1.065 Ign:3 http://ports.ubuntu.com/ubuntu-ports noble-backports InRelease
#10 1.065 Ign:4 http://ports.ubuntu.com/ubuntu-ports noble-security InRelease
#10 3.068 Ign:1 http://ports.ubuntu.com/ubuntu-ports noble InRelease
#10 3.068 Ign:2 http://ports.ubuntu.com/ubuntu-ports noble-updates InRelease
#10 3.068 Ign:3 http://ports.ubuntu.com/ubuntu-ports noble-backports InRelease
#10 3.069 Ign:4 http://ports.ubuntu.com/ubuntu-ports noble-security InRelease
#10 7.074 Err:1 http://ports.ubuntu.com/ubuntu-ports noble InRelease
#10 7.074   Temporary failure resolving 'ports.ubuntu.com'
#10 7.074 Err:2 http://ports.ubuntu.com/ubuntu-ports noble-updates InRelease
#10 7.074   Temporary failure resolving 'ports.ubuntu.com'
#10 7.074 Err:3 http://ports.ubuntu.com/ubuntu-ports noble-backports InRelease
#10 7.074   Temporary failure resolving 'ports.ubuntu.com'
#10 7.075 Err:4 http://ports.ubuntu.com/ubuntu-ports noble-security InRelease
#10 7.075   Temporary failure resolving 'ports.ubuntu.com'
#10 7.082 Reading package lists...
#10 7.089 W: Failed to fetch http://ports.ubuntu.com/ubuntu-ports/dists/noble/InRelease  Temporary failure resolving 'ports.ubuntu.com'
#10 7.089 W: Failed to fetch http://ports.ubuntu.com/ubuntu-ports/dists/noble-updates/InRelease  Temporary failure resolving 'ports.ubuntu.com'
#10 7.089 W: Failed to fetch http://ports.ubuntu.com/ubuntu-ports/dists/noble-backports/InRelease  Temporary failure resolving 'ports.ubuntu.com'
#10 7.089 W: Failed to fetch http://ports.ubuntu.com/ubuntu-ports/dists/noble-security/InRelease  Temporary failure resolving 'ports.ubuntu.com'
#10 7.089 W: Some index files failed to download. They have been ignored, or old ones used instead.
#10 7.093 Reading package lists...
#10 7.098 Building dependency tree...
#10 7.098 Reading state information...
#10 7.099 Package ca-certificates is not available, but is referred to by another package.
#10 7.099 This may mean that the package is missing, has been obsoleted, or
#10 7.099 is only available from another source
#10 7.099 
#10 7.099 E: Unable to locate package build-essential
#10 7.099 E: Unable to locate package cmake
#10 7.099 E: Unable to locate package ninja-build
#10 7.099 E: Package 'ca-certificates' has no installation candidate
#10 7.099 E: Unable to locate package curl
#10 7.099 E: Unable to locate package libeigen3-dev
#10 7.099 E: Unable to locate package libopencv-core-dev
#10 7.099 E: Unable to locate package libopencv-imgproc-dev
#10 7.099 E: Unable to locate package libopencv-imgcodecs-dev
#10 7.099 E: Unable to locate package libopencv-videoio-dev
#10 7.099 E: Unable to locate package libopencv-video-dev
#10 ERROR: process "/bin/sh -c apt-get update && apt-get install -y --no-install-recommends       build-essential cmake ninja-build ca-certificates curl       libeigen3-dev       libopencv-core-dev libopencv-imgproc-dev libopencv-imgcodecs-dev       libopencv-videoio-dev libopencv-video-dev     && rm -rf /var/lib/apt/lists/*" did not complete successfully: exit code: 100
------
 > [base 2/3] RUN apt-get update && apt-get install -y --no-install-recommends       build-essential cmake ninja-build ca-certificates curl       libeigen3-dev       libopencv-core-dev libopencv-imgproc-dev libopencv-imgcodecs-dev       libopencv-videoio-dev libopencv-video-dev     && rm -rf /var/lib/apt/lists/*:
7.099 E: Unable to locate package cmake
7.099 E: Unable to locate package ninja-build
7.099 E: Package 'ca-certificates' has no installation candidate
7.099 E: Unable to locate package curl
7.099 E: Unable to locate package libeigen3-dev
7.099 E: Unable to locate package libopencv-core-dev
7.099 E: Unable to locate package libopencv-imgproc-dev
7.099 E: Unable to locate package libopencv-imgcodecs-dev
7.099 E: Unable to locate package libopencv-videoio-dev
7.099 E: Unable to locate package libopencv-video-dev
------
Dockerfile:6
--------------------
   5 |     ARG DEBIAN_FRONTEND=noninteractive
   6 | >>> RUN apt-get update && apt-get install -y --no-install-recommends \
   7 | >>>       build-essential cmake ninja-build ca-certificates curl \
   8 | >>>       libeigen3-dev \
   9 | >>>       libopencv-core-dev libopencv-imgproc-dev libopencv-imgcodecs-dev \
  10 | >>>       libopencv-videoio-dev libopencv-video-dev \
  11 | >>>     && rm -rf /var/lib/apt/lists/*
  12 |     
--------------------
ERROR: failed to build: failed to solve: process "/bin/sh -c apt-get update && apt-get install -y --no-install-recommends       build-essential cmake ninja-build ca-certificates curl       libeigen3-dev       libopencv-core-dev libopencv-imgproc-dev libopencv-imgcodecs-dev       libopencv-videoio-dev libopencv-video-dev     && rm -rf /var/lib/apt/lists/*" did not complete successfully: exit code: 100

View build details: docker-desktop://dashboard/build/desktop-linux/desktop-linux/sozftoaxp3c82siddxc6zskxp
