MOT17-02-FRCNN frame 500/600
wrote 600 frames: /work/data/phase-3/dets/nano/MOT17-02-FRCNN.txt
MOT17-04-FRCNN frame 500/1050
MOT17-04-FRCNN frame 1000/1050
wrote 1050 frames: /work/data/phase-3/dets/nano/MOT17-04-FRCNN.txt
MOT17-05-FRCNN frame 500/837
wrote 837 frames: /work/data/phase-3/dets/nano/MOT17-05-FRCNN.txt
MOT17-09-FRCNN frame 500/525
wrote 525 frames: /work/data/phase-3/dets/nano/MOT17-09-FRCNN.txt
MOT17-10-FRCNN frame 500/654
wrote 654 frames: /work/data/phase-3/dets/nano/MOT17-10-FRCNN.txt
MOT17-11-FRCNN frame 500/900
wrote 900 frames: /work/data/phase-3/dets/nano/MOT17-11-FRCNN.txt
MOT17-13-FRCNN frame 500/750
wrote 750 frames: /work/data/phase-3/dets/nano/MOT17-13-FRCNN.txt
wrote 429 frames: /work/data/phase-3/dets/nano/MOT20-01.txt
MOT20-02 frame 500/2782
MOT20-02 frame 1000/2782
MOT20-02 frame 1500/2782
MOT20-02 frame 2000/2782
MOT20-02 frame 2500/2782
wrote 2782 frames: /work/data/phase-3/dets/nano/MOT20-02.txt
MOT20-03 frame 500/2405
MOT20-03 frame 1000/2405
MOT20-03 frame 1500/2405
MOT20-03 frame 2000/2405
wrote 2405 frames: /work/data/phase-3/dets/nano/MOT20-03.txt
MOT20-05 frame 500/3315
MOT20-05 frame 1000/3315
MOT20-05 frame 1500/3315
MOT20-05 frame 2000/3315
MOT20-05 frame 2500/3315
MOT20-05 frame 3000/3315
wrote 3315 frames: /work/data/phase-3/dets/nano/MOT20-05.txt
MOT17-02-FRCNN frame 500/600
wrote 600 frames: /work/data/phase-3/dets/tiny/MOT17-02-FRCNN.txt
MOT17-04-FRCNN frame 500/1050
MOT17-04-FRCNN frame 1000/1050
wrote 1050 frames: /work/data/phase-3/dets/tiny/MOT17-04-FRCNN.txt
MOT17-05-FRCNN frame 500/837
wrote 837 frames: /work/data/phase-3/dets/tiny/MOT17-05-FRCNN.txt
MOT17-09-FRCNN frame 500/525
wrote 525 frames: /work/data/phase-3/dets/tiny/MOT17-09-FRCNN.txt
MOT17-10-FRCNN frame 500/654
wrote 654 frames: /work/data/phase-3/dets/tiny/MOT17-10-FRCNN.txt
MOT17-11-FRCNN frame 500/900
wrote 900 frames: /work/data/phase-3/dets/tiny/MOT17-11-FRCNN.txt
MOT17-13-FRCNN frame 500/750
wrote 750 frames: /work/data/phase-3/dets/tiny/MOT17-13-FRCNN.txt
wrote 429 frames: /work/data/phase-3/dets/tiny/MOT20-01.txt
MOT20-02 frame 500/2782
MOT20-02 frame 1000/2782
MOT20-02 frame 1500/2782
MOT20-02 frame 2000/2782
MOT20-02 frame 2500/2782
wrote 2782 frames: /work/data/phase-3/dets/tiny/MOT20-02.txt
MOT20-03 frame 500/2405
MOT20-03 frame 1000/2405
MOT20-03 frame 1500/2405
MOT20-03 frame 2000/2405
wrote 2405 frames: /work/data/phase-3/dets/tiny/MOT20-03.txt
MOT20-05 frame 500/3315
MOT20-05 frame 1000/3315
MOT20-05 frame 1500/3315
MOT20-05 frame 2000/3315
MOT20-05 frame 2500/3315
MOT20-05 frame 3000/3315
wrote 3315 frames: /work/data/phase-3/dets/tiny/MOT20-05.txt
