#0 building with "desktop-linux" instance using docker driver

#1 [internal] load build definition from Dockerfile.review-fixes
#1 transferring dockerfile: 266B done
#1 DONE 0.0s

#2 [internal] load metadata for docker.io/library/vision-lab:dev
#2 DONE 0.0s

#3 [internal] load .dockerignore
#3 transferring context: 151B done
#3 DONE 0.0s

#4 [internal] load build context
#4 transferring context: 702B done
#4 DONE 0.0s

#5 [1/4] FROM docker.io/library/vision-lab:dev@sha256:109eb3213e86d6cb2e671362617ac53972727299ea366a782763066a51548513
#5 resolve docker.io/library/vision-lab:dev@sha256:109eb3213e86d6cb2e671362617ac53972727299ea366a782763066a51548513 done
#5 DONE 0.0s

#6 [2/4] WORKDIR /src
#6 DONE 0.0s

#7 [3/4] COPY cpp/ cpp/
#7 DONE 0.0s

#8 [4/4] RUN cmake -S cpp -B build -G Ninja -DCMAKE_BUILD_TYPE=Release     && cmake --build build
#8 0.067 -- Configuring done (0.0s)
#8 0.075 -- Generating done (0.0s)
#8 0.077 -- Build files have been written to: /src/build
#8 3.806 [1/3] Building CXX object CMakeFiles/vl_tracker.dir/src/tracker/tracker.cpp.o
#8 3.819 [2/3] Linking CXX static library libvl_tracker.a
#8 3.988 [3/3] Linking CXX executable track_sequence
#8 DONE 4.0s

#9 exporting to image
#9 exporting layers 0.0s done
#9 exporting manifest sha256:f6ad8d9b40bdba29c26cb164df0b84627897ed3c2edc105c767d3ade24ff5431 done
#9 exporting config sha256:784d93b2c8faf925d24d28d3c14577fb5e37c57e4136c1ca27ac6e444c373b08 done
#9 exporting attestation manifest sha256:efa0fe09ef3fac9a0c7b01a0f82606fc1afc61bd43cc2f0996152f639a5c1ca0 done
#9 exporting manifest list sha256:9ee75f0421117932018a7de9392d6142b2efa50f08db12ecf407c94afea240e4 done
#9 naming to docker.io/library/vision-lab:review-fixes done
#9 unpacking to docker.io/library/vision-lab:review-fixes 0.0s done
#9 DONE 0.1s

View build details: docker-desktop://dashboard/build/desktop-linux/desktop-linux/0oh0fv1bpv08ibiwjvrtcg0fy
