MOT17-02-FRCNN: 0.82s -> /work/data/phase-3/tracks/python/nano/MOT17-02-FRCNN.txt
MOT17-02-FRCNN frame 500/600
wrote tracks: /work/data/phase-3/tracks/cpp/nano/MOT17-02-FRCNN.txt
MOT17-04-FRCNN: 3.40s -> /work/data/phase-3/tracks/python/nano/MOT17-04-FRCNN.txt
MOT17-04-FRCNN frame 500/1050
MOT17-04-FRCNN frame 1000/1050
wrote tracks: /work/data/phase-3/tracks/cpp/nano/MOT17-04-FRCNN.txt
MOT17-05-FRCNN: 0.51s -> /work/data/phase-3/tracks/python/nano/MOT17-05-FRCNN.txt
MOT17-05-FRCNN frame 500/837
wrote tracks: /work/data/phase-3/tracks/cpp/nano/MOT17-05-FRCNN.txt
MOT17-09-FRCNN: 0.29s -> /work/data/phase-3/tracks/python/nano/MOT17-09-FRCNN.txt
MOT17-09-FRCNN frame 500/525
wrote tracks: /work/data/phase-3/tracks/cpp/nano/MOT17-09-FRCNN.txt
MOT17-10-FRCNN: 0.70s -> /work/data/phase-3/tracks/python/nano/MOT17-10-FRCNN.txt
MOT17-10-FRCNN frame 500/654
wrote tracks: /work/data/phase-3/tracks/cpp/nano/MOT17-10-FRCNN.txt
MOT17-11-FRCNN: 0.60s -> /work/data/phase-3/tracks/python/nano/MOT17-11-FRCNN.txt
MOT17-11-FRCNN frame 500/900
wrote tracks: /work/data/phase-3/tracks/cpp/nano/MOT17-11-FRCNN.txt
MOT17-13-FRCNN: 0.65s -> /work/data/phase-3/tracks/python/nano/MOT17-13-FRCNN.txt
MOT17-13-FRCNN frame 500/750
wrote tracks: /work/data/phase-3/tracks/cpp/nano/MOT17-13-FRCNN.txt
MOT20-01: 0.90s -> /work/data/phase-3/tracks/python/nano/MOT20-01.txt
wrote tracks: /work/data/phase-3/tracks/cpp/nano/MOT20-01.txt
MOT20-02: 7.63s -> /work/data/phase-3/tracks/python/nano/MOT20-02.txt
MOT20-02 frame 500/2782
MOT20-02 frame 1000/2782
MOT20-02 frame 1500/2782
MOT20-02 frame 2000/2782
MOT20-02 frame 2500/2782
wrote tracks: /work/data/phase-3/tracks/cpp/nano/MOT20-02.txt
MOT20-03: 17.04s -> /work/data/phase-3/tracks/python/nano/MOT20-03.txt
MOT20-03 frame 500/2405
MOT20-03 frame 1000/2405
MOT20-03 frame 1500/2405
MOT20-03 frame 2000/2405
wrote tracks: /work/data/phase-3/tracks/cpp/nano/MOT20-03.txt
MOT20-05: 35.29s -> /work/data/phase-3/tracks/python/nano/MOT20-05.txt
MOT20-05 frame 500/3315
MOT20-05 frame 1000/3315
MOT20-05 frame 1500/3315
MOT20-05 frame 2000/3315
MOT20-05 frame 2500/3315
MOT20-05 frame 3000/3315
wrote tracks: /work/data/phase-3/tracks/cpp/nano/MOT20-05.txt
MOT17-02-FRCNN: 1.07s -> /work/data/phase-3/tracks/python/tiny/MOT17-02-FRCNN.txt
MOT17-02-FRCNN frame 500/600
wrote tracks: /work/data/phase-3/tracks/cpp/tiny/MOT17-02-FRCNN.txt
MOT17-04-FRCNN: 3.05s -> /work/data/phase-3/tracks/python/tiny/MOT17-04-FRCNN.txt
MOT17-04-FRCNN frame 500/1050
MOT17-04-FRCNN frame 1000/1050
wrote tracks: /work/data/phase-3/tracks/cpp/tiny/MOT17-04-FRCNN.txt
MOT17-05-FRCNN: 0.59s -> /work/data/phase-3/tracks/python/tiny/MOT17-05-FRCNN.txt
MOT17-05-FRCNN frame 500/837
wrote tracks: /work/data/phase-3/tracks/cpp/tiny/MOT17-05-FRCNN.txt
MOT17-09-FRCNN: 0.32s -> /work/data/phase-3/tracks/python/tiny/MOT17-09-FRCNN.txt
MOT17-09-FRCNN frame 500/525
wrote tracks: /work/data/phase-3/tracks/cpp/tiny/MOT17-09-FRCNN.txt
MOT17-10-FRCNN: 0.64s -> /work/data/phase-3/tracks/python/tiny/MOT17-10-FRCNN.txt
MOT17-10-FRCNN frame 500/654
wrote tracks: /work/data/phase-3/tracks/cpp/tiny/MOT17-10-FRCNN.txt
MOT17-11-FRCNN: 0.69s -> /work/data/phase-3/tracks/python/tiny/MOT17-11-FRCNN.txt
MOT17-11-FRCNN frame 500/900
wrote tracks: /work/data/phase-3/tracks/cpp/tiny/MOT17-11-FRCNN.txt
MOT17-13-FRCNN: 1.12s -> /work/data/phase-3/tracks/python/tiny/MOT17-13-FRCNN.txt
MOT17-13-FRCNN frame 500/750
wrote tracks: /work/data/phase-3/tracks/cpp/tiny/MOT17-13-FRCNN.txt
MOT20-01: 1.86s -> /work/data/phase-3/tracks/python/tiny/MOT20-01.txt
wrote tracks: /work/data/phase-3/tracks/cpp/tiny/MOT20-01.txt
MOT20-02: 10.78s -> /work/data/phase-3/tracks/python/tiny/MOT20-02.txt
MOT20-02 frame 500/2782
MOT20-02 frame 1000/2782
MOT20-02 frame 1500/2782
MOT20-02 frame 2000/2782
MOT20-02 frame 2500/2782
wrote tracks: /work/data/phase-3/tracks/cpp/tiny/MOT20-02.txt
MOT20-03: 19.40s -> /work/data/phase-3/tracks/python/tiny/MOT20-03.txt
MOT20-03 frame 500/2405
MOT20-03 frame 1000/2405
MOT20-03 frame 1500/2405
MOT20-03 frame 2000/2405
wrote tracks: /work/data/phase-3/tracks/cpp/tiny/MOT20-03.txt
MOT20-05: 32.39s -> /work/data/phase-3/tracks/python/tiny/MOT20-05.txt
MOT20-05 frame 500/3315
MOT20-05 frame 1000/3315
MOT20-05 frame 1500/3315
MOT20-05 frame 2000/3315
MOT20-05 frame 2500/3315
MOT20-05 frame 3000/3315
wrote tracks: /work/data/phase-3/tracks/cpp/tiny/MOT20-05.txt
./scripts/phase3_track.sh: line 28: unexpected EOF while looking for matching `"'
