#0 building with "desktop-linux" instance using docker driver

#1 [internal] load build definition from Dockerfile.phase4
#1 transferring dockerfile: 256B done
#1 DONE 0.0s

#2 [internal] load metadata for docker.io/library/vision-lab:review-fixes
#2 DONE 0.0s

#3 [internal] load .dockerignore
#3 transferring context: 151B done
#3 DONE 0.0s

#4 [1/4] FROM docker.io/library/vision-lab:review-fixes@sha256:9ee75f0421117932018a7de9392d6142b2efa50f08db12ecf407c94afea240e4
#4 resolve docker.io/library/vision-lab:review-fixes@sha256:9ee75f0421117932018a7de9392d6142b2efa50f08db12ecf407c94afea240e4 done
#4 DONE 0.0s

#5 [internal] load build context
#5 transferring context: 4.02kB done
#5 DONE 0.0s

#6 [2/4] WORKDIR /src
#6 CACHED

#7 [3/4] COPY cpp/ cpp/
#7 DONE 0.0s

#8 [4/4] RUN cmake -S cpp -B build -G Ninja -DCMAKE_BUILD_TYPE=Release     && cmake --build build
#8 0.065 -- Configuring done (0.0s)
#8 0.073 -- Generating done (0.0s)
#8 0.075 -- Build files have been written to: /src/build
#8 1.676 [1/2] Building CXX object CMakeFiles/benchmark_pipeline.dir/src/benchmark_pipeline.cpp.o
#8 1.834 [2/2] Linking CXX executable benchmark_pipeline
#8 DONE 1.8s

#9 exporting to image
#9 exporting layers 0.0s done
#9 exporting manifest sha256:035876610cab1158256b61c6acf63afd3fb95e16c5d435154c799912497bb198 done
#9 exporting config sha256:ecd078b357ef3d6b5a76336a495ff8215369d1f8f8e2bc0f92f9ea44db0cf48b done
#9 exporting attestation manifest sha256:331866e03b394a1730a658b5a0216ca172df8881d8fde62caaf83cc20ec1b158 done
#9 exporting manifest list sha256:8d19e5fe53a73a39841e5055cd1e177d22933b9119400b707983bcb7e19acba8 done
#9 naming to docker.io/library/vision-lab:phase4 done
#9 unpacking to docker.io/library/vision-lab:phase4 0.0s done
#9 DONE 0.1s

View build details: docker-desktop://dashboard/build/desktop-linux/desktop-linux/o512yvn1ca5us2y95wi90z2jd
