wrote tracks: /work/data/phase-4/tracks/nano/MOT20-01.txt
MOT20-02 frame 500/2782
MOT20-02 frame 1000/2782
MOT20-02 frame 1500/2782
MOT20-02 frame 2000/2782
MOT20-02 frame 2500/2782
wrote tracks: /work/data/phase-4/tracks/nano/MOT20-02.txt
MOT20-03 frame 500/2405
MOT20-03 frame 1000/2405
MOT20-03 frame 1500/2405
MOT20-03 frame 2000/2405
wrote tracks: /work/data/phase-4/tracks/nano/MOT20-03.txt
MOT20-05 frame 500/3315
MOT20-05 frame 1000/3315
MOT20-05 frame 1500/3315
MOT20-05 frame 2000/3315
MOT20-05 frame 2500/3315
MOT20-05 frame 3000/3315
wrote tracks: /work/data/phase-4/tracks/nano/MOT20-05.txt
wrote tracks: /work/data/phase-4/tracks/tiny/MOT20-01.txt
MOT20-02 frame 500/2782
MOT20-02 frame 1000/2782
MOT20-02 frame 1500/2782
MOT20-02 frame 2000/2782
MOT20-02 frame 2500/2782
wrote tracks: /work/data/phase-4/tracks/tiny/MOT20-02.txt
MOT20-03 frame 500/2405
MOT20-03 frame 1000/2405
MOT20-03 frame 1500/2405
MOT20-03 frame 2000/2405
wrote tracks: /work/data/phase-4/tracks/tiny/MOT20-03.txt
MOT20-05 frame 500/3315
MOT20-05 frame 1000/3315
MOT20-05 frame 1500/3315
MOT20-05 frame 2000/3315
MOT20-05 frame 2500/3315
MOT20-05 frame 3000/3315
wrote tracks: /work/data/phase-4/tracks/tiny/MOT20-05.txt

CLEAR Config:
THRESHOLD            : 0.5                           
PRINT_CONFIG         : True                          

Identity Config:
THRESHOLD            : 0.5                           
PRINT_CONFIG         : True                          

Evaluating 1 tracker(s) on 4 sequence(s) for 1 class(es) on MotChallenge2DBox dataset using the following metrics: HOTA, CLEAR, Identity, Count


Evaluating int8-nano

{"model": "nano", "int8_overall": {"mota": -0.07949840209975356, "idf1": 1.323452423487639, "num_switches": 3269, "num_false_positives": 15059, "num_misses": 1117188, "num_objects": 1134614}, "delta_pp": {"motmetrics": {"mota": -56.10022439349418, "idf1": -50.046427034959805}, "TrackEval": {"MOTA": -62.382801551893415, "IDF1": -51.99049659182512, "HOTA": -40.29376971219738}}}

CLEAR Config:
THRESHOLD            : 0.5                           
PRINT_CONFIG         : True                          

Identity Config:
THRESHOLD            : 0.5                           
PRINT_CONFIG         : True                          

Evaluating 1 tracker(s) on 4 sequence(s) for 1 class(es) on MotChallenge2DBox dataset using the following metrics: HOTA, CLEAR, Identity, Count


Evaluating int8-tiny

{"model": "tiny", "int8_overall": {"mota": 60.01168679392287, "idf1": 57.929852951826966, "num_switches": 3894, "num_false_positives": 132777, "num_misses": 317042, "num_objects": 1134614}, "delta_pp": {"motmetrics": {"mota": -1.0635335012612117, "idf1": -1.5607668878040002}, "TrackEval": {"MOTA": -1.1855133111348977, "IDF1": -1.6414339643632658, "HOTA": -1.886170240677437}}}
