#0 building with "desktop-linux" instance using docker driver

#1 [internal] load build definition from Dockerfile.phase4-pytools
#1 transferring dockerfile: 322B done
#1 DONE 0.0s

#2 [internal] load metadata for docker.io/library/vision-lab:pytools
#2 DONE 0.0s

#3 [internal] load .dockerignore
#3 transferring context: 151B done
#3 DONE 0.0s

#4 [internal] load build context
#4 transferring context: 422B done
#4 DONE 0.0s

#5 [1/3] FROM docker.io/library/vision-lab:pytools@sha256:e111d4e69e660e4ab0b2e1d7c06f097f535353d909a923bc909c5a55188816bb
#5 resolve docker.io/library/vision-lab:pytools@sha256:e111d4e69e660e4ab0b2e1d7c06f097f535353d909a923bc909c5a55188816bb done
#5 DONE 0.0s

#6 [2/3] COPY python/requirements-phase4.txt /tmp/requirements-phase4.txt
#6 DONE 0.0s

#7 [3/3] RUN pip install --no-cache-dir --no-deps --only-binary=:all: --require-hashes     -r /tmp/requirements-phase4.txt
#7 0.648 Collecting ml_dtypes==0.6.0 (from -r /tmp/requirements-phase4.txt (line 3))
#7 0.729   Downloading ml_dtypes-0.6.0-cp312-cp312-manylinux_2_27_aarch64.manylinux_2_28_aarch64.whl (360 kB)
#7 0.781      ━━━━━━━━━━━━━━━━━━━━━━━━━━━━━━━━━━━━━━━ 360.2/360.2 kB 7.2 MB/s eta 0:00:00
#7 0.787 Installing collected packages: ml_dtypes
#7 0.822 Successfully installed ml_dtypes-0.6.0
#7 DONE 0.9s

#8 exporting to image
#8 exporting layers 0.0s done
#8 exporting manifest sha256:c1f42843fe707d0b55ad3bbec19b8d9a70bee414419f3a4bc4f163938074c651 done
#8 exporting config sha256:8ad3d95c4e77d6641fbb6b1b0f15456bed577c63e09bf0174d5243a8437d7273 done
#8 exporting attestation manifest sha256:e64561e1332c9a164466757e06a4712173c1690d4db6b2fa871a33d3663289da done
#8 exporting manifest list sha256:64991d784847e9858bad6885fb14d6a1d9e229290b01973dc6b85f8c6ce889d2 done
#8 naming to docker.io/library/vision-lab:phase4-pytools done
#8 unpacking to docker.io/library/vision-lab:phase4-pytools 0.0s done
#8 DONE 0.1s

View build details: docker-desktop://dashboard/build/desktop-linux/desktop-linux/87rsvvv2lsoqnvc2ev1i222vz
